// Jest Snapshot v1, https://goo.gl/fbAQLP

exports[`Render <Sorting /> with "popular" sort type 1`] = `
<div
  className="places__sorting"
>
  <span
    className="places__sorting-caption"
  >
    Sort by 
  </span>
  <span
    className="places__sorting-type"
    onClick={[Function]}
    onKeyDown={[Function]}
    role="button"
    tabIndex={0}
  >
    Popular
    <svg
      className="places__sorting-arrow"
      height="4"
      width="7"
    >
      <use
        xlinkHref="#icon-arrow-select"
      />
    </svg>
  </span>
  <ul
    className="places__options places__options--custom"
  >
    <li
      className="places__option places__option--active"
      onClick={[Function]}
      onKeyDown={[Function]}
    >
      Popular
    </li>
    <li
      className="places__option"
      onClick={[Function]}
      onKeyDown={[Function]}
    >
      Price: low to high
    </li>
    <li
      className="places__option"
      onClick={[Function]}
      onKeyDown={[Function]}
    >
      Price: high to low
    </li>
    <li
      className="places__option"
      onClick={[Function]}
      onKeyDown={[Function]}
    >
      Top rated first
    </li>
  </ul>
</div>
`;

exports[`Render <Sorting /> with "top rated first" sort type 1`] = `
<div
  className="places__sorting"
>
  <span
    className="places__sorting-caption"
  >
    Sort by 
  </span>
  <span
    className="places__sorting-type"
    onClick={[Function]}
    onKeyDown={[Function]}
    role="button"
    tabIndex={0}
  >
    Top rated first
    <svg
      className="places__sorting-arrow"
      height="4"
      width="7"
    >
      <use
        xlinkHref="#icon-arrow-select"
      />
    </svg>
  </span>
  <ul
    className="places__options places__options--custom"
  >
    <li
      className="places__option"
      onClick={[Function]}
      onKeyDown={[Function]}
    >
      Popular
    </li>
    <li
      className="places__option"
      onClick={[Function]}
      onKeyDown={[Function]}
    >
      Price: low to high
    </li>
    <li
      className="places__option"
      onClick={[Function]}
      onKeyDown={[Function]}
    >
      Price: high to low
    </li>
    <li
      className="places__option places__option--active"
      onClick={[Function]}
      onKeyDown={[Function]}
    >
      Top rated first
    </li>
  </ul>
</div>
`;
