// Jest Snapshot v1, https://goo.gl/fbAQLP

exports[`Render <Main /> 1`] = `
<div
  class="page page--gray page--main"
>
  <header
    class="header"
  >
    <div
      class="container"
    >
      <div
        class="header__wrapper"
      >
        <div
          class="header__left"
        >
          <a
            class="header__logo-link"
            href="/"
          >
            <img
              alt="6 cities logo"
              class="header__logo"
              height="41"
              src="/img/logo.svg"
              width="81"
            />
          </a>
        </div>
        <nav
          class="header__nav"
        >
          <ul
            class="header__nav-list"
          >
            <li
              class="header__nav-item user"
            >
              <a
                class="header__nav-link header__nav-link--profile"
                href="/login"
              >
                <div
                  class="header__avatar-wrapper user__avatar-wrapper"
                />
                <span
                  class="header__login"
                >
                  Sign in
                </span>
              </a>
            </li>
          </ul>
        </nav>
      </div>
    </div>
  </header>
  <main
    class="page__main page__main--index"
  >
    <h1
      class="visually-hidden"
    >
      Cities
    </h1>
    <div
      class="tabs"
    >
      <section
        class="locations container"
      >
        <ul
          class="locations__list tabs__list"
        >
          <li
            class="locations__item"
          >
            <a
              class="locations__item-link tabs__item tabs__item--active"
              href="#!"
            >
              <span>
                Vinnytsia
              </span>
            </a>
          </li>
          <li
            class="locations__item"
          >
            <a
              class="locations__item-link tabs__item"
              href="#!"
            >
              <span>
                Lviv
              </span>
            </a>
          </li>
          <li
            class="locations__item"
          >
            <a
              class="locations__item-link tabs__item"
              href="#!"
            >
              <span>
                Kyiv
              </span>
            </a>
          </li>
        </ul>
      </section>
    </div>
    <div
      class="cities"
    >
      <div
        class="cities__places-container container"
      >
        <section
          class="cities__places places"
        >
          <h2
            class="visually-hidden"
          >
            Places
          </h2>
          <b
            class="places__found"
          >
            2
             
            places to stay in
             
            Vinnytsia
          </b>
          <form
            action="#"
            class="places__sorting"
            method="get"
          >
            <span
              class="places__sorting-caption"
            >
              Sort by 
            </span>
            <span
              class="places__sorting-type"
              role="button"
              tabindex="0"
            >
              Popular
              <svg
                class="places__sorting-arrow"
                height="4"
                width="7"
              >
                <use
                  xlink:href="#icon-arrow-select"
                />
              </svg>
            </span>
            <ul
              class="places__options places__options--custom"
            >
              <li
                class="places__option places__option--active"
              >
                Popular
              </li>
              <li
                class="places__option"
              >
                Price: low to high
              </li>
              <li
                class="places__option"
              >
                Price: high to low
              </li>
              <li
                class="places__option"
              >
                Top rated first
              </li>
            </ul>
          </form>
          <div
            class="cities__places-list places__list"
          >
            <article
              class="place-card cities__place-card"
            >
              <div
                class="place-card__image-wrapper cities__image-wrapper"
              >
                <a
                  href="/offer/100490"
                >
                  <img
                    alt="The best title ever"
                    class="place-card__image"
                    height="200"
                    src="https://i.picsum.photos/id/22/400/200.jpg"
                    width="260"
                  />
                </a>
              </div>
              <div
                class="place-card__info"
              >
                <div
                  class="place-card__price-wrapper"
                >
                  <div
                    class="place-card__price"
                  >
                    <b
                      class="place-card__price-value"
                    >
                      €
                      333
                    </b>
                    <span
                      class="place-card__price-text"
                    >
                       / night
                    </span>
                  </div>
                  <button
                    class="place-card__bookmark-button button"
                    type="button"
                  >
                    <svg
                      class="place-card__bookmark-icon"
                      height="19"
                      width="18"
                    >
                      <use
                        xlink:href="#icon-bookmark"
                      />
                    </svg>
                    <span
                      class="visually-hidden"
                    >
                      To bookmarks
                    </span>
                  </button>
                </div>
                <div
                  class="place-card__rating rating"
                >
                  <div
                    class="place-card__stars rating__stars"
                  >
                    <span
                      style="width: 60%;"
                    />
                    <span
                      class="visually-hidden"
                    >
                      Rating
                    </span>
                  </div>
                </div>
                <h2
                  class="place-card__name"
                >
                  <a
                    href="/offer/100490"
                  >
                    The best title ever
                  </a>
                </h2>
                <p
                  class="place-card__type"
                >
                  apartment
                </p>
              </div>
            </article>
            <article
              class="place-card cities__place-card"
            >
              <div
                class="place-card__mark"
              >
                <span>
                  Premium
                </span>
              </div>
              <div
                class="place-card__image-wrapper cities__image-wrapper"
              >
                <a
                  href="/offer/100491"
                >
                  <img
                    alt="Some title"
                    class="place-card__image"
                    height="200"
                    src="https://i.picsum.photos/id/23/400/200.jpg"
                    width="260"
                  />
                </a>
              </div>
              <div
                class="place-card__info"
              >
                <div
                  class="place-card__price-wrapper"
                >
                  <div
                    class="place-card__price"
                  >
                    <b
                      class="place-card__price-value"
                    >
                      €
                      900
                    </b>
                    <span
                      class="place-card__price-text"
                    >
                       / night
                    </span>
                  </div>
                  <button
                    class="place-card__bookmark-button button place-card__bookmark-button--active"
                    type="button"
                  >
                    <svg
                      class="place-card__bookmark-icon"
                      height="19"
                      width="18"
                    >
                      <use
                        xlink:href="#icon-bookmark"
                      />
                    </svg>
                    <span
                      class="visually-hidden"
                    >
                      To bookmarks
                    </span>
                  </button>
                </div>
                <div
                  class="place-card__rating rating"
                >
                  <div
                    class="place-card__stars rating__stars"
                  >
                    <span
                      style="width: 100%;"
                    />
                    <span
                      class="visually-hidden"
                    >
                      Rating
                    </span>
                  </div>
                </div>
                <h2
                  class="place-card__name"
                >
                  <a
                    href="/offer/100491"
                  >
                    Some title
                  </a>
                </h2>
                <p
                  class="place-card__type"
                >
                  room
                </p>
              </div>
            </article>
          </div>
        </section>
        <div
          class="cities__right-section"
        >
          <section
            class="map cities__map"
          >
            <div
              class="leaflet-container leaflet-grab leaflet-touch-drag"
              style="position: relative;"
              tabindex="0"
            >
              <div
                class="leaflet-pane leaflet-map-pane"
                style="left: 0px; top: 0px;"
              >
                <div
                  class="leaflet-pane leaflet-tile-pane"
                >
                  <div
                    class="leaflet-layer "
                    style="z-index: 1;"
                  >
                    <div
                      class="leaflet-tile-container leaflet-zoom-animated"
                      style="z-index: 18; left: 0px; top: 0px;"
                    >
                      <img
                        alt=""
                        class="leaflet-tile"
                        role="presentation"
                        src="https://c.basemaps.cartocdn.com/rastertiles/voyager/12/2103/1346.png"
                        style="width: 256px; height: 256px; left: -178px; top: -26px;"
                      />
                    </div>
                  </div>
                </div>
                <div
                  class="leaflet-pane leaflet-shadow-pane"
                />
                <div
                  class="leaflet-pane leaflet-overlay-pane"
                />
                <div
                  class="leaflet-pane leaflet-marker-pane"
                >
                  <img
                    alt=""
                    class="leaflet-marker-icon leaflet-zoom-hide leaflet-interactive"
                    src="/img/pin.svg"
                    style="margin-left: -15px; margin-top: -15px; width: 30px; height: 30px; left: -656px; top: 96px; z-index: 96;"
                    tabindex="0"
                  />
                  <img
                    alt=""
                    class="leaflet-marker-icon leaflet-zoom-hide leaflet-interactive"
                    src="/img/pin.svg"
                    style="margin-left: -15px; margin-top: -15px; width: 30px; height: 30px; left: 306px; top: 6438px; z-index: 6438;"
                    tabindex="0"
                  />
                </div>
                <div
                  class="leaflet-pane leaflet-tooltip-pane"
                />
                <div
                  class="leaflet-pane leaflet-popup-pane"
                />
              </div>
              <div
                class="leaflet-control-container"
              >
                <div
                  class="leaflet-top leaflet-left"
                >
                  <div
                    class="leaflet-control-zoom leaflet-bar leaflet-control"
                  >
                    <a
                      aria-label="Zoom in"
                      class="leaflet-control-zoom-in"
                      href="#"
                      role="button"
                      title="Zoom in"
                    >
                      +
                    </a>
                    <a
                      aria-label="Zoom out"
                      class="leaflet-control-zoom-out"
                      href="#"
                      role="button"
                      title="Zoom out"
                    >
                      −
                    </a>
                  </div>
                </div>
                <div
                  class="leaflet-top leaflet-right"
                />
                <div
                  class="leaflet-bottom leaflet-left"
                />
                <div
                  class="leaflet-bottom leaflet-right"
                >
                  <div
                    class="leaflet-control-attribution leaflet-control"
                  >
                    <a
                      href="https://leafletjs.com"
                      title="A JS library for interactive maps"
                    >
                      Leaflet
                    </a>
                     | © 
                    <a
                      href="https://www.openstreetmap.org/copyright"
                    >
                      OpenStreetMap
                    </a>
                     contributors © 
                    <a
                      href="https://carto.com/attributions"
                    >
                      CARTO
                    </a>
                  </div>
                </div>
              </div>
            </div>
          </section>
        </div>
      </div>
    </div>
  </main>
</div>
`;
